# serializer version: 1
# name: TestHtmlSnapshots.test_card_grid_snapshot
  'None'
# ---
# name: TestHtmlSnapshots.test_download_links_snapshot
  'None'
# ---
# name: TestHtmlSnapshots.test_footer_structure_snapshot
  '''
  <footer>
  <p>Data scraped from <a href="https://thespidershop.co.uk/" target="_blank">The Spider Shop UK</a></p>
  <p><a href="https://github.com/christianacca/spidershop-historical-analysis" target="_blank">View on GitHub</a></p>
  
  </footer>
  '''
# ---
# name: TestHtmlSnapshots.test_navigation_structure_snapshot
  '''
  <nav>
  <div class="container">
  <ul>
  <li><a class="" href="index.html">Home</a></li>
  <li><a class="" href="snapshot.html">Latest Snapshot</a></li>
  <li><a class="" href="history.html">Historical Data</a></li>
  <li><a class="" href="breeder.html">Breeder Opportunities</a></li>
  <li><a class="" href="dealer.html">Dealer Supply Risk</a></li>
  </ul>
  </div>
  </nav>
  '''
# ---
# name: TestHtmlSnapshots.test_search_filter_snapshot
  'None'
# ---
# name: TestHtmlSnapshots.test_table_structure_snapshot
  '''
  <table class="data-table" id="[['Aphonopelma seemanni', '🔥', 'OUT'], ['Brachypelma hamorii', '⚠️', 'IN']]">
  <thead>
  <tr>
  <th onclick="sortTable(0, '[['Aphonopelma seemanni', '🔥', 'OUT'], ['Brachypelma hamorii', '⚠️', 'IN']]')">b <span class="sort-indicator">⇅</span></th>
  <th onclick="sortTable(1, '[['Aphonopelma seemanni', '🔥', 'OUT'], ['Brachypelma hamorii', '⚠️', 'IN']]')">r <span class="sort-indicator">⇅</span></th>
  <th onclick="sortTable(2, '[['Aphonopelma seemanni', '🔥', 'OUT'], ['Brachypelma hamorii', '⚠️', 'IN']]')">e <span class="sort-indicator">⇅</span></th>
  <th onclick="sortTable(3, '[['Aphonopelma seemanni', '🔥', 'OUT'], ['Brachypelma hamorii', '⚠️', 'IN']]')">e <span class="sort-indicator">⇅</span></th>
  <th onclick="sortTable(4, '[['Aphonopelma seemanni', '🔥', 'OUT'], ['Brachypelma hamorii', '⚠️', 'IN']]')">d <span class="sort-indicator">⇅</span></th>
  <th onclick="sortTable(5, '[['Aphonopelma seemanni', '🔥', 'OUT'], ['Brachypelma hamorii', '⚠️', 'IN']]')">e <span class="sort-indicator">⇅</span></th>
  <th onclick="sortTable(6, '[['Aphonopelma seemanni', '🔥', 'OUT'], ['Brachypelma hamorii', '⚠️', 'IN']]')">r <span class="sort-indicator">⇅</span></th>
  <th onclick="sortTable(7, '[['Aphonopelma seemanni', '🔥', 'OUT'], ['Brachypelma hamorii', '⚠️', 'IN']]')">- <span class="sort-indicator">⇅</span></th>
  <th onclick="sortTable(8, '[['Aphonopelma seemanni', '🔥', 'OUT'], ['Brachypelma hamorii', '⚠️', 'IN']]')">t <span class="sort-indicator">⇅</span></th>
  <th onclick="sortTable(9, '[['Aphonopelma seemanni', '🔥', 'OUT'], ['Brachypelma hamorii', '⚠️', 'IN']]')">a <span class="sort-indicator">⇅</span></th>
  <th onclick="sortTable(10, '[['Aphonopelma seemanni', '🔥', 'OUT'], ['Brachypelma hamorii', '⚠️', 'IN']]')">b <span class="sort-indicator">⇅</span></th>
  <th onclick="sortTable(11, '[['Aphonopelma seemanni', '🔥', 'OUT'], ['Brachypelma hamorii', '⚠️', 'IN']]')">l <span class="sort-indicator">⇅</span></th>
  <th onclick="sortTable(12, '[['Aphonopelma seemanni', '🔥', 'OUT'], ['Brachypelma hamorii', '⚠️', 'IN']]')">e <span class="sort-indicator">⇅</span></th>
  </tr>
  </thead>
  <tbody>
  <tr>
  <td data-label="b">S</td>
  <td data-label="r">p</td>
  <td data-label="e">e</td>
  <td data-label="e">c</td>
  <td data-label="d">i</td>
  <td data-label="e">e</td>
  <td data-label="r">s</td>
  </tr>
  <tr>
  <td data-label="b">S</td>
  <td data-label="r">i</td>
  <td data-label="e">g</td>
  <td data-label="e">n</td>
  <td data-label="d">a</td>
  <td data-label="e">l</td>
  </tr>
  <tr>
  <td data-label="b">O</td>
  <td data-label="r">O</td>
  <td data-label="e">S</td>
  </tr>
  </tbody>
  </table>
  '''
# ---
# name: TestParseMarkdownToHtml.test_markdown_conversion_matches_expected_output
  '''
  <h3>🕷️ Test Markdown Elements</h3>
  <p><strong>Bold text</strong> and <em>italic text</em> and <code>inline code</code> for testing.</p>
  <h4>Headers and Lists</h4>
  <p>Unordered list:</p>
  <ul>
  <li>🔼 Item with emoji</li>
  <li><strong>Bold item</strong></li>
  <li>
  <p>Nested items:</p>
  </li>
  <li>
  <p>Sub-item one</p>
  </li>
  <li>Sub-item two</li>
  </ul>
  <p>Ordered list:</p>
  <ol>
  <li>First item</li>
  <li>Second item with <a href="https://example.com">a link</a></li>
  <li>Third item</li>
  </ol>
  <h4>Tables</h4>
  <p>Simple table with emoji and alignment:</p>
  <table class="data-table markdown-table">
  <thead>
  <tr>
  <th>Species</th>
  <th style="text-align: right;">Size (cm)</th>
  <th>Signal</th>
  <th>Recommendation</th>
  </tr>
  </thead>
  <tbody>
  <tr>
  <td data-label="Species">Phormictopus sp. "Azul"</td>
  <td data-label="Size (cm)" style="text-align: right;">2</td>
  <td data-label="Signal">🔥</td>
  <td data-label="Recommendation">Consider pairing — emerging scarcity</td>
  </tr>
  <tr>
  <td data-label="Species">Brachypelma hamorii</td>
  <td data-label="Size (cm)" style="text-align: right;">1</td>
  <td data-label="Signal">⚠️</td>
  <td data-label="Recommendation">Watch closely — high demand</td>
  </tr>
  </tbody>
  </table>
  <p><em>Italic text for notes.</em></p>
  <h3>Second Level Header</h3>
  <p>More content with <strong>bold</strong>, <em>italic</em>, and mixed <strong><em>bold italic</em></strong> text.</p>
  <details>
  <summary><strong>ℹ️ Collapsible Section</strong></summary>
  <h4>Nested Header</h4>
  <p>Content inside details block:</p>
  <ul>
  <li>List item one</li>
  <li>List item two</li>
  </ul>
  <p>Paragraph with special characters: &amp; &lt; &gt; " '</p>
  </details>
  '''
# ---
