# serializer version: 1
# name: TestBuildBreederOpportunityTable.test_breeder_markdown_table_snapshot
  '''
  ## 🧬 Breeder Opportunity Matrix (Top 10)
  
  **Summary:** 3 species analyzed | 🔥 Hot: 0 | ⚠️ Watch: 2 | ❌ Avoid: 1
  
  | Species | Size (cm) | OOS | OOS Runs | Stock Pattern | Price | Price History | Wishlist | Wishlist History | Signal | Recommendation |
  |---|---:|---|---:|---|---|---|---|---|---|---|
  | Cyriocosmus elegans | 0.5 | IN/OUT | 0 | Cyclical | £30.00 ↑ | ▁▁▁▁█ | 20 🔥 ↑ | ▁▁▁▁█ | ⚠️ | Breed cautiously — wave restocking |
  | Davus sp. "Panama" | 1.0 | IN/OUT | 0 | Cyclical | £22.00 → | ▁▁███ | 13 ⚠️ → | ▁▁▆▆█ | ⚠️ | Breed cautiously — wave restocking |
  | Aphonopelma seemanni | 1.0 | IN | 0 | Always | £18.00 → | ▄▄▄▄▄ | 1 ❌ → | ████▁ | ❌ | Avoid for profit — oversupplied |
  '''
# ---
